2026-04-17 14:47:43.272 +05:30 [ERR] The model for context 'AppDbContext' changes each time it is built. This is usually caused by dynamic values used in a 'HasData' call (e.g. `new DateTime()`, `Guid.NewGuid()`). Add a new migration and examine its contents to locate the cause, and replace the dynamic call with a static, hardcoded value. See https://aka.ms/efcore-docs-pending-changes.
2026-04-17 14:47:43.471 +05:30 [INF] Executed DbCommand (35ms) [Parameters=[], CommandType='"Text"', CommandTimeout='30']
CREATE DATABASE `HackDB`;
2026-04-17 14:47:43.521 +05:30 [INF] Acquiring an exclusive lock for migration application. See https://aka.ms/efcore-docs-migrations-lock for more information if this takes too long.
2026-04-17 14:47:43.530 +05:30 [INF] Executed DbCommand (7ms) [Parameters=[], CommandType='"Text"', CommandTimeout='30']
SELECT GET_LOCK('__HackDB_EFMigrationsLock', 259200)
2026-04-17 14:47:43.670 +05:30 [INF] Executed DbCommand (77ms) [Parameters=[], CommandType='"Text"', CommandTimeout='30']
CREATE TABLE IF NOT EXISTS `__EFMigrationsHistory` (
    `MigrationId` varchar(150) CHARACTER SET utf8mb4 NOT NULL,
    `ProductVersion` varchar(32) CHARACTER SET utf8mb4 NOT NULL,
    CONSTRAINT `PK___EFMigrationsHistory` PRIMARY KEY (`MigrationId`)
) CHARACTER SET=utf8mb4;
2026-04-17 14:47:43.700 +05:30 [INF] Executed DbCommand (6ms) [Parameters=[], CommandType='"Text"', CommandTimeout='30']
SELECT 1 FROM INFORMATION_SCHEMA.TABLES WHERE TABLE_SCHEMA='HackDB' AND TABLE_NAME='__EFMigrationsHistory';
2026-04-17 14:47:43.714 +05:30 [INF] Executed DbCommand (11ms) [Parameters=[], CommandType='"Text"', CommandTimeout='30']
SELECT `MigrationId`, `ProductVersion`
FROM `__EFMigrationsHistory`
ORDER BY `MigrationId`;
2026-04-17 14:47:43.727 +05:30 [INF] Applying migration '20260417091635_InitialCreate'.
2026-04-17 14:47:43.834 +05:30 [INF] Executed DbCommand (8ms) [Parameters=[], CommandType='"Text"', CommandTimeout='30']
ALTER DATABASE CHARACTER SET utf8mb4;
2026-04-17 14:47:43.867 +05:30 [INF] Executed DbCommand (33ms) [Parameters=[], CommandType='"Text"', CommandTimeout='30']
CREATE TABLE `Categories` (
    `Id` int NOT NULL AUTO_INCREMENT,
    `Name` varchar(100) CHARACTER SET utf8mb4 NOT NULL,
    `Description` longtext CHARACTER SET utf8mb4 NOT NULL,
    `IsActive` tinyint(1) NOT NULL,
    `CreatedAt` datetime(6) NOT NULL,
    CONSTRAINT `PK_Categories` PRIMARY KEY (`Id`)
) CHARACTER SET=utf8mb4;
2026-04-17 14:47:43.903 +05:30 [INF] Executed DbCommand (35ms) [Parameters=[], CommandType='"Text"', CommandTimeout='30']
CREATE TABLE `Users` (
    `Id` int NOT NULL AUTO_INCREMENT,
    `FullName` varchar(150) CHARACTER SET utf8mb4 NOT NULL,
    `Email` varchar(200) CHARACTER SET utf8mb4 NOT NULL,
    `Password` longtext CHARACTER SET utf8mb4 NOT NULL,
    `Phone` longtext CHARACTER SET utf8mb4 NOT NULL,
    `Address` longtext CHARACTER SET utf8mb4 NOT NULL,
    `Role` longtext CHARACTER SET utf8mb4 NOT NULL DEFAULT ('Customer'),
    `IsEmailVerified` tinyint(1) NOT NULL,
    `IsActive` tinyint(1) NOT NULL,
    `CreatedAt` datetime(6) NOT NULL,
    `UpdatedAt` datetime(6) NULL,
    CONSTRAINT `PK_Users` PRIMARY KEY (`Id`)
) CHARACTER SET=utf8mb4;
2026-04-17 14:47:43.969 +05:30 [INF] Executed DbCommand (65ms) [Parameters=[], CommandType='"Text"', CommandTimeout='30']
CREATE TABLE `Medicines` (
    `Id` int NOT NULL AUTO_INCREMENT,
    `CategoryId` int NOT NULL,
    `Name` varchar(200) CHARACTER SET utf8mb4 NOT NULL,
    `GenericName` longtext CHARACTER SET utf8mb4 NOT NULL,
    `Manufacturer` longtext CHARACTER SET utf8mb4 NOT NULL,
    `Description` longtext CHARACTER SET utf8mb4 NOT NULL,
    `Price` decimal(10,2) NOT NULL,
    `DosageForm` longtext CHARACTER SET utf8mb4 NOT NULL,
    `Strength` longtext CHARACTER SET utf8mb4 NOT NULL,
    `RequiresPrescription` tinyint(1) NOT NULL,
    `ImagePath` longtext CHARACTER SET utf8mb4 NULL,
    `IsActive` tinyint(1) NOT NULL,
    `CreatedAt` datetime(6) NOT NULL,
    `UpdatedAt` datetime(6) NULL,
    CONSTRAINT `PK_Medicines` PRIMARY KEY (`Id`),
    CONSTRAINT `FK_Medicines_Categories_CategoryId` FOREIGN KEY (`CategoryId`) REFERENCES `Categories` (`Id`) ON DELETE RESTRICT
) CHARACTER SET=utf8mb4;
2026-04-17 14:47:44.027 +05:30 [INF] Executed DbCommand (58ms) [Parameters=[], CommandType='"Text"', CommandTimeout='30']
CREATE TABLE `EmailVerifications` (
    `Id` int NOT NULL AUTO_INCREMENT,
    `UserId` int NOT NULL,
    `Token` longtext CHARACTER SET utf8mb4 NOT NULL,
    `IsUsed` tinyint(1) NOT NULL,
    `ExpiresAt` datetime(6) NOT NULL,
    `CreatedAt` datetime(6) NOT NULL,
    CONSTRAINT `PK_EmailVerifications` PRIMARY KEY (`Id`),
    CONSTRAINT `FK_EmailVerifications_Users_UserId` FOREIGN KEY (`UserId`) REFERENCES `Users` (`Id`) ON DELETE CASCADE
) CHARACTER SET=utf8mb4;
2026-04-17 14:47:44.091 +05:30 [INF] Executed DbCommand (64ms) [Parameters=[], CommandType='"Text"', CommandTimeout='30']
CREATE TABLE `LoginHistories` (
    `Id` int NOT NULL AUTO_INCREMENT,
    `UserId` int NOT NULL,
    `IpAddress` longtext CHARACTER SET utf8mb4 NOT NULL,
    `DeviceInfo` longtext CHARACTER SET utf8mb4 NOT NULL,
    `IsSuccess` tinyint(1) NOT NULL,
    `LoginAt` datetime(6) NOT NULL,
    CONSTRAINT `PK_LoginHistories` PRIMARY KEY (`Id`),
    CONSTRAINT `FK_LoginHistories_Users_UserId` FOREIGN KEY (`UserId`) REFERENCES `Users` (`Id`) ON DELETE CASCADE
) CHARACTER SET=utf8mb4;
2026-04-17 14:47:44.170 +05:30 [INF] Executed DbCommand (78ms) [Parameters=[], CommandType='"Text"', CommandTimeout='30']
CREATE TABLE `Pharmacists` (
    `Id` int NOT NULL AUTO_INCREMENT,
    `UserId` int NOT NULL,
    `LicenseNumber` varchar(100) CHARACTER SET utf8mb4 NOT NULL,
    `Qualification` longtext CHARACTER SET utf8mb4 NOT NULL,
    `Specialization` longtext CHARACTER SET utf8mb4 NOT NULL,
    `Status` longtext CHARACTER SET utf8mb4 NOT NULL DEFAULT ('Pending'),
    `ProfileImagePath` longtext CHARACTER SET utf8mb4 NULL,
    `JoinedAt` datetime(6) NOT NULL,
    `ApprovedAt` datetime(6) NULL,
    CONSTRAINT `PK_Pharmacists` PRIMARY KEY (`Id`),
    CONSTRAINT `FK_Pharmacists_Users_UserId` FOREIGN KEY (`UserId`) REFERENCES `Users` (`Id`) ON DELETE CASCADE
) CHARACTER SET=utf8mb4;
2026-04-17 14:47:44.238 +05:30 [INF] Executed DbCommand (66ms) [Parameters=[], CommandType='"Text"', CommandTimeout='30']
CREATE TABLE `Prescriptions` (
    `Id` int NOT NULL AUTO_INCREMENT,
    `UserId` int NOT NULL,
    `FilePath` longtext CHARACTER SET utf8mb4 NOT NULL,
    `OriginalFileName` longtext CHARACTER SET utf8mb4 NOT NULL,
    `Status` longtext CHARACTER SET utf8mb4 NOT NULL,
    `ReviewedBy` longtext CHARACTER SET utf8mb4 NULL,
    `Notes` longtext CHARACTER SET utf8mb4 NULL,
    `UploadedAt` datetime(6) NOT NULL,
    `ReviewedAt` datetime(6) NULL,
    CONSTRAINT `PK_Prescriptions` PRIMARY KEY (`Id`),
    CONSTRAINT `FK_Prescriptions_Users_UserId` FOREIGN KEY (`UserId`) REFERENCES `Users` (`Id`) ON DELETE CASCADE
) CHARACTER SET=utf8mb4;
2026-04-17 14:47:44.298 +05:30 [INF] Executed DbCommand (60ms) [Parameters=[], CommandType='"Text"', CommandTimeout='30']
CREATE TABLE `Inventory` (
    `Id` int NOT NULL AUTO_INCREMENT,
    `MedicineId` int NOT NULL,
    `QuantityInStock` int NOT NULL,
    `ReorderLevel` int NOT NULL,
    `MaxStockLevel` int NOT NULL,
    `ExpiryDate` datetime(6) NULL,
    `BatchNumber` longtext CHARACTER SET utf8mb4 NOT NULL,
    `LastUpdated` datetime(6) NOT NULL,
    CONSTRAINT `PK_Inventory` PRIMARY KEY (`Id`),
    CONSTRAINT `FK_Inventory_Medicines_MedicineId` FOREIGN KEY (`MedicineId`) REFERENCES `Medicines` (`Id`) ON DELETE CASCADE
) CHARACTER SET=utf8mb4;
2026-04-17 14:47:44.362 +05:30 [INF] Executed DbCommand (63ms) [Parameters=[], CommandType='"Text"', CommandTimeout='30']
CREATE TABLE `Orders` (
    `Id` int NOT NULL AUTO_INCREMENT,
    `UserId` int NOT NULL,
    `PrescriptionId` int NULL,
    `Status` longtext CHARACTER SET utf8mb4 NOT NULL DEFAULT ('Pending'),
    `TotalAmount` decimal(12,2) NOT NULL,
    `DeliveryAddress` longtext CHARACTER SET utf8mb4 NOT NULL,
    `PaymentMethod` longtext CHARACTER SET utf8mb4 NOT NULL,
    `PaymentStatus` longtext CHARACTER SET utf8mb4 NOT NULL,
    `Notes` longtext CHARACTER SET utf8mb4 NULL,
    `OrderedAt` datetime(6) NOT NULL,
    `DeliveredAt` datetime(6) NULL,
    CONSTRAINT `PK_Orders` PRIMARY KEY (`Id`),
    CONSTRAINT `FK_Orders_Prescriptions_PrescriptionId` FOREIGN KEY (`PrescriptionId`) REFERENCES `Prescriptions` (`Id`) ON DELETE SET NULL,
    CONSTRAINT `FK_Orders_Users_UserId` FOREIGN KEY (`UserId`) REFERENCES `Users` (`Id`) ON DELETE RESTRICT
) CHARACTER SET=utf8mb4;
2026-04-17 14:47:44.426 +05:30 [INF] Executed DbCommand (64ms) [Parameters=[], CommandType='"Text"', CommandTimeout='30']
CREATE TABLE `OrderItems` (
    `Id` int NOT NULL AUTO_INCREMENT,
    `OrderId` int NOT NULL,
    `MedicineId` int NOT NULL,
    `Quantity` int NOT NULL,
    `UnitPrice` decimal(10,2) NOT NULL,
    `TotalPrice` decimal(10,2) NOT NULL,
    `CreatedAt` datetime(6) NOT NULL,
    CONSTRAINT `PK_OrderItems` PRIMARY KEY (`Id`),
    CONSTRAINT `FK_OrderItems_Medicines_MedicineId` FOREIGN KEY (`MedicineId`) REFERENCES `Medicines` (`Id`) ON DELETE RESTRICT,
    CONSTRAINT `FK_OrderItems_Orders_OrderId` FOREIGN KEY (`OrderId`) REFERENCES `Orders` (`Id`) ON DELETE CASCADE
) CHARACTER SET=utf8mb4;
2026-04-17 14:47:44.436 +05:30 [INF] Executed DbCommand (9ms) [Parameters=[], CommandType='"Text"', CommandTimeout='30']
INSERT INTO `Categories` (`Id`, `CreatedAt`, `Description`, `IsActive`, `Name`)
VALUES (1, TIMESTAMP '2026-04-17 09:16:34', 'Bacterial infection medicines', TRUE, 'Antibiotics'),
(2, TIMESTAMP '2026-04-17 09:16:34', 'Pain relief medicines', TRUE, 'Painkillers'),
(3, TIMESTAMP '2026-04-17 09:16:34', 'Vitamin supplements', TRUE, 'Vitamins'),
(4, TIMESTAMP '2026-04-17 09:16:34', 'Diabetes management', TRUE, 'Antidiabetics'),
(5, TIMESTAMP '2026-04-17 09:16:34', 'Heart & BP medicines', TRUE, 'Cardiovascular');
2026-04-17 14:47:46.200 +05:30 [INF] Executed DbCommand (33ms) [Parameters=[], CommandType='"Text"', CommandTimeout='30']
CREATE INDEX `IX_EmailVerifications_UserId` ON `EmailVerifications` (`UserId`);
2026-04-17 14:47:46.222 +05:30 [INF] Executed DbCommand (21ms) [Parameters=[], CommandType='"Text"', CommandTimeout='30']
CREATE UNIQUE INDEX `IX_Inventory_MedicineId` ON `Inventory` (`MedicineId`);
2026-04-17 14:47:46.245 +05:30 [INF] Executed DbCommand (22ms) [Parameters=[], CommandType='"Text"', CommandTimeout='30']
CREATE INDEX `IX_LoginHistories_UserId` ON `LoginHistories` (`UserId`);
2026-04-17 14:47:46.278 +05:30 [INF] Executed DbCommand (33ms) [Parameters=[], CommandType='"Text"', CommandTimeout='30']
CREATE INDEX `IX_Medicines_CategoryId` ON `Medicines` (`CategoryId`);
2026-04-17 14:47:46.299 +05:30 [INF] Executed DbCommand (21ms) [Parameters=[], CommandType='"Text"', CommandTimeout='30']
CREATE INDEX `IX_OrderItems_MedicineId` ON `OrderItems` (`MedicineId`);
2026-04-17 14:47:46.324 +05:30 [INF] Executed DbCommand (25ms) [Parameters=[], CommandType='"Text"', CommandTimeout='30']
CREATE INDEX `IX_OrderItems_OrderId` ON `OrderItems` (`OrderId`);
2026-04-17 14:47:46.353 +05:30 [INF] Executed DbCommand (28ms) [Parameters=[], CommandType='"Text"', CommandTimeout='30']
CREATE INDEX `IX_Orders_PrescriptionId` ON `Orders` (`PrescriptionId`);
2026-04-17 14:47:46.376 +05:30 [INF] Executed DbCommand (23ms) [Parameters=[], CommandType='"Text"', CommandTimeout='30']
CREATE INDEX `IX_Orders_UserId` ON `Orders` (`UserId`);
2026-04-17 14:47:46.401 +05:30 [INF] Executed DbCommand (24ms) [Parameters=[], CommandType='"Text"', CommandTimeout='30']
CREATE UNIQUE INDEX `IX_Pharmacists_LicenseNumber` ON `Pharmacists` (`LicenseNumber`);
2026-04-17 14:47:46.421 +05:30 [INF] Executed DbCommand (20ms) [Parameters=[], CommandType='"Text"', CommandTimeout='30']
CREATE UNIQUE INDEX `IX_Pharmacists_UserId` ON `Pharmacists` (`UserId`);
2026-04-17 14:47:46.453 +05:30 [INF] Executed DbCommand (32ms) [Parameters=[], CommandType='"Text"', CommandTimeout='30']
CREATE INDEX `IX_Prescriptions_UserId` ON `Prescriptions` (`UserId`);
2026-04-17 14:47:46.554 +05:30 [INF] Executed DbCommand (100ms) [Parameters=[], CommandType='"Text"', CommandTimeout='30']
CREATE UNIQUE INDEX `IX_Users_Email` ON `Users` (`Email`);
2026-04-17 14:47:46.558 +05:30 [INF] Executed DbCommand (4ms) [Parameters=[], CommandType='"Text"', CommandTimeout='30']
INSERT INTO `__EFMigrationsHistory` (`MigrationId`, `ProductVersion`)
VALUES ('20260417091635_InitialCreate', '9.0.15');
2026-04-17 14:47:46.560 +05:30 [INF] Executed DbCommand (1ms) [Parameters=[], CommandType='"Text"', CommandTimeout='30']
SELECT RELEASE_LOCK('__HackDB_EFMigrationsLock')
2026-04-17 15:25:35.368 +05:30 [INF] User profile is available. Using 'C:\Users\pjeev\AppData\Local\ASP.NET\DataProtection-Keys' as key repository and Windows DPAPI to encrypt keys at rest.
2026-04-17 15:25:35.974 +05:30 [WRN] The WebRootPath was not found: C:\Users\pjeev\HCL Projects\PHARMACY-SYSTEM\Pharmacy_backend\wwwroot. Static files may be unavailable.
2026-04-17 15:25:36.288 +05:30 [INF] Now listening on: http://localhost:5064
2026-04-17 15:25:36.477 +05:30 [INF] Application started. Press Ctrl+C to shut down.
2026-04-17 15:25:36.481 +05:30 [INF] Hosting environment: Development
2026-04-17 15:25:36.483 +05:30 [INF] Content root path: C:\Users\pjeev\HCL Projects\PHARMACY-SYSTEM\Pharmacy_backend
2026-04-17 15:25:38.867 +05:30 [INF] Request starting HTTP/1.1 GET http://localhost:5064/ - null null
2026-04-17 15:25:39.844 +05:30 [WRN] Failed to determine the https port for redirect.
2026-04-17 15:25:40.252 +05:30 [INF] Request finished HTTP/1.1 GET http://localhost:5064/ - 404 null null 1430.5576ms
2026-04-17 15:25:40.272 +05:30 [INF] Request reached the end of the middleware pipeline without being handled by application code. Request path: GET http://localhost:5064/, Response status code: 404
2026-04-17 15:25:49.759 +05:30 [INF] Request starting HTTP/1.1 GET http://localhost:5064/swagger - null null
2026-04-17 15:25:49.775 +05:30 [INF] Request finished HTTP/1.1 GET http://localhost:5064/swagger - 301 null null 17.0617ms
2026-04-17 15:25:49.787 +05:30 [INF] Request starting HTTP/1.1 GET http://localhost:5064/swagger/index.html - null null
2026-04-17 15:25:49.931 +05:30 [INF] Request finished HTTP/1.1 GET http://localhost:5064/swagger/index.html - 200 null text/html;charset=utf-8 144.2788ms
2026-04-17 15:25:49.940 +05:30 [INF] Request starting HTTP/1.1 GET http://localhost:5064/swagger/index.css - null null
2026-04-17 15:25:49.944 +05:30 [INF] Request starting HTTP/1.1 GET http://localhost:5064/_framework/aspnetcore-browser-refresh.js - null null
2026-04-17 15:25:49.945 +05:30 [INF] Request starting HTTP/1.1 GET http://localhost:5064/swagger/swagger-ui-standalone-preset.js - null null
2026-04-17 15:25:49.951 +05:30 [INF] Request starting HTTP/1.1 GET http://localhost:5064/swagger/swagger-ui-bundle.js - null null
2026-04-17 15:25:49.973 +05:30 [INF] Request finished HTTP/1.1 GET http://localhost:5064/_framework/aspnetcore-browser-refresh.js - 200 16507 application/javascript; charset=utf-8 28.7147ms
2026-04-17 15:25:49.944 +05:30 [INF] Request starting HTTP/1.1 GET http://localhost:5064/swagger/index.js - null null
2026-04-17 15:25:49.943 +05:30 [INF] Request starting HTTP/1.1 GET http://localhost:5064/swagger/swagger-ui.css - null null
2026-04-17 15:25:50.013 +05:30 [INF] Request finished HTTP/1.1 GET http://localhost:5064/swagger/index.css - 200 152 text/css 73.6931ms
2026-04-17 15:25:50.016 +05:30 [INF] Request starting HTTP/1.1 GET http://localhost:5064/_vs/browserLink - null null
2026-04-17 15:25:50.018 +05:30 [INF] Request finished HTTP/1.1 GET http://localhost:5064/swagger/swagger-ui-standalone-preset.js - 200 77352 text/javascript 73.7047ms
2026-04-17 15:25:50.022 +05:30 [INF] Request finished HTTP/1.1 GET http://localhost:5064/swagger/index.js - 200 null application/javascript;charset=utf-8 78.2466ms
2026-04-17 15:25:50.037 +05:30 [INF] Request finished HTTP/1.1 GET http://localhost:5064/swagger/swagger-ui.css - 200 23647 text/css 94.5113ms
2026-04-17 15:25:50.039 +05:30 [INF] Request finished HTTP/1.1 GET http://localhost:5064/swagger/swagger-ui-bundle.js - 200 424767 text/javascript 93.7351ms
2026-04-17 15:25:50.178 +05:30 [INF] Request finished HTTP/1.1 GET http://localhost:5064/_vs/browserLink - 200 null text/javascript; charset=UTF-8 162.1482ms
2026-04-17 15:25:50.251 +05:30 [INF] Request starting HTTP/1.1 GET http://localhost:5064/swagger/v1/swagger.json - null null
2026-04-17 15:25:50.278 +05:30 [INF] Request starting HTTP/1.1 GET http://localhost:5064/swagger/favicon-32x32.png - null null
2026-04-17 15:25:50.291 +05:30 [INF] Request finished HTTP/1.1 GET http://localhost:5064/swagger/favicon-32x32.png - 200 628 image/png 13.2081ms
2026-04-17 15:25:50.294 +05:30 [INF] Request finished HTTP/1.1 GET http://localhost:5064/swagger/v1/swagger.json - 200 null application/json;charset=utf-8 43.3573ms
